cron workscron workscron workscron workscron workscron workscron workscron workscron workscron workscron workscron workscron workscron workscron works